v1
#section .text
f compute_flag
#ext-tsp score: [intra: 2728370.968750 -> 3137825.146484] [inter: 0.000000 -> 0.000000]
c0 2 3 1
#cfg 0:260824,1:102034,2:147684 1:104380,3:104380 2:147684,3:145909 3:254519
f main
#ext-tsp score: [intra: 7447088.336535 -> 11235851.605882] [inter: 199837.211765 -> 244522.500000]
c0 4 6 7 1 2 3
#cfg 1:257468,2:253228 2:260824,3:90756,4:154662 3:90756,4:90754 4:248460,6:248460 6:253138,7:253138 7:257468,1:257468
