v1
f compute_flag
p2 3
c0 2 3.1 1 3
#cfg 0:260824,1:102034,2:147684 1:104380,3:104380 2:147684,3:0,3.1:145909 3:108610 3.1:145909
f main
c0 4 6 7 1 2 3
#cfg 1:257468,2:253228 2:260824,3:90756,4:154662 3:90756,4:90754 4:248460,6:248460 6:253138,7:253138 7:257468,1:257468
